# attendance report log

=== Attendance Run: 2026-02-17 13:46:11 ===
STU001 | Alice Johnson | 90.0% | OK
STU002 | Bob Smith | 72.5% | WARNING
STU003 | Carol Davis | 45.0% | FAIL
STU004 | David Brown | 100.0% | OK

=== Attendance Run: 2026-02-17 13:46:26 ===
STU001 | Alice Johnson | 90.0% | OK
STU002 | Bob Smith | 72.5% | WARNING
STU003 | Carol Davis | 45.0% | FAIL
STU004 | David Brown | 100.0% | OK

=== Attendance Run: 2026-02-17 14:18:40 ===
STU001 | Alice Johnson | 90.0% | OK
STU002 | Bob Smith | 72.5% | WARNING
STU003 | Carol Davis | 45.0% | FAIL
STU004 | David Brown | 100.0% | OK

=== Attendance Run: 2026-02-17 14:24:32 ===
STU001 | Alice Johnson | 90.0% | OK
STU002 | Bob Smith | 72.5% | WARNING
STU003 | Carol Davis | 45.0% | FAIL
STU004 | David Brown | 100.0% | OK
